exports[`calendarInputReducer returns the initial state 1`] = `
Object {
  "initialValue": undefined,
}
`;
