exports[`profilePageReducer returns the initial state 1`] = `
Object {
  "email": undefined,
  "firstName": undefined,
  "lastName": undefined,
  "roles": undefined,
  "username": undefined,
}
`;
