exports[`elementsPageReducer returns the initial state 1`] = `
Object {
  "element": Object {},
  "elements": Array [],
  "loading": false,
  "renderComponent": "table",
}
`;
